// Jest Snapshot v1, https://goo.gl/fbAQLP

exports[`AppRoot #render 1`] = `
<div
  className="app_root_container"
>
  <h1>
    Compiled react widget
  </h1>
  <div>
    <h3>
      Notification
    </h3>
    <p>
      <button
        onClick={[Function]}
      >
         To Dashboard 
      </button>
    </p>
    <p>
      example
    </p>
  </div>
</div>
`;
